ready base {"rv":25,"inca":true,"rzc":true,"masks":3} cur {"rv":25,"inca":true,"rzc":true,"masks":3}
DIFF radar rv (25 Frames, values + values2, Zeiten):
  base {"runAt":"2026-10-10T15:00:00.000Z","n":25,"frames":[{"lead":0,"validAt":"2026-10-10T15:00:00.000Z","w":1100,"h":1200,"v":"f7b633d7:1320000","v2":null},{"lead":5,"validAt":"2026-10-10T15:00:00.000Z","w":1100,"h":1200,"v":"51dc83c8:1320000","v2":null},{"lead":10,"validAt":"2026-10-10T15:00:00.000Z","w":1100,"h":1200,"v":"5710b365:1320000","v2":null},{"lead":15,"validAt":"2026-10-10T15:00:00.000Z","w":1100,"h":1200,"v":"1fd2cbc7:1320000","v2":null},{"lead":20,"validAt":"2026-10-10T15:00:00.000Z","w":1100,"h":1200,"v":"ec56befd:1320000","v2":null},{"lead":25,"validAt":"2026-10-10T15:00:00.000Z","
  cur  {"runAt":"2026-10-10T15:00:00.000Z","n":25,"frames":[{"lead":0,"validAt":"2026-10-10T15:00:00.000Z","w":1100,"h":1200,"v":"f7b633d7:1320000","v2":"9962dc79:1320000"},{"lead":5,"validAt":"2026-10-10T15:00:00.000Z","w":1100,"h":1200,"v":"51dc83c8:1320000","v2":"5ab807b8:1320000"},{"lead":10,"validAt":"2026-10-10T15:00:00.000Z","w":1100,"h":1200,"v":"5710b365:1320000","v2":"cffb091e:1320000"},{"lead":15,"validAt":"2026-10-10T15:00:00.000Z","w":1100,"h":1200,"v":"1fd2cbc7:1320000","v2":"cbcd8f2a:1320000"},{"lead":20,"validAt":"2026-10-10T15:00:00.000Z","w":1100,"h":1200,"v":"ec56befd:1320000","v2"
OK   radar inca (values je Lead): identisch (631 Zeichen)
     inca log plane present: base [false,false,false,false,false,false,false,false,false,false,false,false] cur [false,false,false,false,false,false,false,false,false,false,false,false] (identisch)
OK   radar rzc: identisch (254 Zeichen)
OK   radar masks: identisch (71 Zeichen)
fusion base {"hours":"fb4de77e:5656","v2":"ac53a40f:266526","notes":"f202ae86:3448","skips":"741638a5:2","n":49,"fromUpdate":true}
fusion cur  {"hours":"fb4de77e:5656","v2":"c242072e:266668","notes":"a4c55ab5:3590","skips":"741638a5:2","n":49,"fromUpdate":true}
OK   fusion Stunden (alle Werte je Stunde): identisch (276 Zeichen)
DIFF fusion v2 (Verteilungen, Member, Konfidenz):
  base {"v2":"ac53a40f:266526"}
  cur  {"v2":"c242072e:266668"}
DIFF fusion Notizen/Skips (ohne Alterswerte):
  base {"notes":"f202ae86:3448","skips":"741638a5:2","sources":["cube-t1","cube-t2","mosmix","radolan","inca","rzc"]}
  cur  {"notes":"a4c55ab5:3590","skips":"741638a5:2","sources":["cube-t1","cube-t2","mosmix","radolan","inca","rzc"]}
  v2 first difference at 262903 of 266086 / 266227
  base …ung läuft (AP12)","cdn: radar/img/v1/inca/20261010T1500/meta.json über raw.githubusercontent nachgeholt (radar/img/v1/inca/20261010T1500/meta.json: HTTP 403)","obs: 12 Stationsmessung(en) aus buscosun-data obs/v1","learned: Tabelle Fit-Zeitraum bis 01.10.2026, gebaut 26.09.2026, 
  cur  …ung läuft (AP12)","cdn: radar/img/v1/inca/20261010T1500/meta.json über raw.githubusercontent nachgeholt (radar/img/v1/inca/20261010T1500/meta.json: HTTP 403)","cdn: radar/img/v1/rzc/20261010T1450/meta.json über raw.githubusercontent nachgeholt (hedge N ms: radar/img/v1/rzc/202610
  differing chars (aligned): 3045
  notes base ["index: aus der SWR-Kopie (68 s alt, Commit 0cac674) — Nachprüfung läuft (AP12)","cdn: radar/img/v1/inca/20261010T1500/meta.json über raw.githubusercontent nachgeholt (radar/img/v1/inca/20261010T1500/meta.json: HTTP 403)","obs: 12 Stationsmessung(en) aus buscosun-data obs/v1","learned: Tabelle Fit-Zeitraum bis 01.10.2026, gebaut 26.09.2026, 8 Tage alt (Grenze 120)","stationValue: Tabelle Fit-Zeitraum bis 28.09.2026, gebaut 30.09.2026, 11 Tage alt (Grenze 45)","stage:fs — neueste Stufe (buscosun Fusion 12): Lernstufe mit learnedSpeed, learnedPrecip, learnedAtPoint, learnedClouds, ohne Klimatologie-Schritt, Wind-Anker über die Messdistanz gedämpft (10 km, E-AX-14), Radar-Stundenmittel (E-AX-17), Anker am Messzeitpunkt (V-AW-33), Langfrist zur Klimatologie zurückgeführt (> 48 h, gefittete Gewichte je Größe und Vorlauf-Bin, F10), Langfrist-Korrekturen: T 241–336 h Identität, Windschritt AT/CH ohne Bandverengung bei 126–240 h (F11), Anker auf dem dichten Messsatz aus obs/v1 (Niederschlagsstationen, gemessener Taupunkt) und σ an den Anker gekoppelt (Phase OF, OF-6), Stationswert","stage:fs — Interpolation der Temperatur als Anomalie gegen den Tagesgang μ_c (AX-3)","nowcastHourMean: Radar-Stundenmittel aus dem Spiegel (m<lead>.png, E-AX-16) — 2 Stunden vorgemittelt gelesen","learned: Form K an 47 Schritten (t 47 · td 47 · u 47 · v 47 · gust 47 · clct 47), ohne Stratum 0; ohne Tabelle: precip 47; Route 1 in jeder Stufe; Niederschlag im Client nicht gelernt (Stufe 1)","anchorAtObsTime: Modellwert an 0 von 12 Messungen auf die Messminute interpoliert (zwischen zwei Achsenschritten, Lücke ≤ 3 h); sonst der Schritt im selben Stundenraster (V-AW-33)","anchor: Messungen da, aber kein Paar (Messung, Cube) im selben Stundenraster — kein Anker","learnedAtPoint: Member an 47 Schritten vorkompensiert"] 
  notes cur  ["index: aus der SWR-Kopie (65 s alt, Commit 0cac674) — Nachprüfung läuft (AP12)","cdn: radar/img/v1/inca/20261010T1500/meta.json über raw.githubusercontent nachgeholt (radar/img/v1/inca/20261010T1500/meta.json: HTTP 403)","cdn: radar/img/v1/rzc/20261010T1450/meta.json über raw.githubusercontent nachgeholt (hedge 2500 ms: radar/img/v1/rzc/20261010T1450/meta.json)","obs: 12 Stationsmessung(en) aus buscosun-data obs/v1","learned: Tabelle Fit-Zeitraum bis 01.10.2026, gebaut 26.09.2026, 8 Tage alt (Grenze 120)","stationValue: Tabelle Fit-Zeitraum bis 28.09.2026, gebaut 30.09.2026, 11 Tage alt (Grenze 45)","stage:fs — neueste Stufe (buscosun Fusion 12): Lernstufe mit learnedSpeed, learnedPrecip, learnedAtPoint, learnedClouds, ohne Klimatologie-Schritt, Wind-Anker über die Messdistanz gedämpft (10 km, E-AX-14), Radar-Stundenmittel (E-AX-17), Anker am Messzeitpunkt (V-AW-33), Langfrist zur Klimatologie zurückgeführt (> 48 h, gefittete Gewichte je Größe und Vorlauf-Bin, F10), Langfrist-Korrekturen: T 241–336 h Identität, Windschritt AT/CH ohne Bandverengung bei 126–240 h (F11), Anker auf dem dichten Messsatz aus obs/v1 (Niederschlagsstationen, gemessener Taupunkt) und σ an den Anker gekoppelt (Phase OF, OF-6), Stationswert","stage:fs — Interpolation der Temperatur als Anomalie gegen den Tagesgang μ_c (AX-3)","nowcastHourMean: Radar-Stundenmittel aus dem Spiegel (m<lead>.png, E-AX-16) — 2 Stunden vorgemittelt gelesen","learned: Form K an 47 Schritten (t 47 · td 47 · u 47 · v 47 · gust 47 · clct 47), ohne Stratum 0; ohne Tabelle: precip 47; Route 1 in jeder Stufe; Niederschlag im Client nicht gelernt (Stufe 1)","anchorAtObsTime: Modellwert an 0 von 12 Messungen auf die Messminute interpoliert (zwischen zwei Achsenschritten, Lücke ≤ 3 h); sonst der Schritt im selben Stundenraster (V-AW-33)","anchor: Messungen da, aber kein Paar (Messung, Cube) im selben Stundenraster — kein Anker"]
  skips base [] 
  skips cur  []
FEHLER: 3 Unterschied(e)
IDENTITY-EXIT 1
