desktop radar head #1: firstDraw=971 radarDraw=5512 radarAllMs=2783 radarKb=6958 dataKb=10131 jsKb=1302 gaps max 1583 >100:26 >200:21 play inputDelay=1 feedback=null
desktop radar cur #1: firstDraw=1135 radarDraw=4856 radarAllMs=8064 radarKb=2323 dataKb=12945 jsKb=1303 gaps max 1100 >100:34 >200:30 play inputDelay=3 feedback=null
desktop radar head #2: firstDraw=1103 radarDraw=4711 radarAllMs=4450 radarKb=6985 dataKb=8909 jsKb=1302 gaps max 1250 >100:20 >200:15 play inputDelay=0 feedback=null
desktop radar cur #2: firstDraw=1406 radarDraw=6803 radarAllMs=6632 radarKb=6984 dataKb=9540 jsKb=1302 gaps max 1417 >100:41 >200:37 play inputDelay=4 feedback=null
desktop radar head #3: firstDraw=1835 radarDraw=6554 radarAllMs=9385 radarKb=6990 dataKb=12436 jsKb=1302 gaps max 1300 >100:44 >200:39 play inputDelay=1 feedback=null
desktop radar cur #3: firstDraw=1869 radarDraw=7284 radarAllMs=7392 radarKb=6941 dataKb=9497 jsKb=1303 gaps max 1217 >100:34 >200:31 play inputDelay=1 feedback=null
== desktop radar cur p50: {"firstDraw":1406,"radarDraw":6803,"radarAllMs":7392,"radarKb":6941,"dataKb":9540,"jsKb":1303,"gapsMax":1217,"gapsOver200":31,"gapsOver100":34,"playInputDelay":3,"playFeedback":null}
== desktop radar head p50: {"firstDraw":1103,"radarDraw":5512,"radarAllMs":4450,"radarKb":6985,"dataKb":10131,"jsKb":1302,"gapsMax":1300,"gapsOver200":21,"gapsOver100":26,"playInputDelay":1,"playFeedback":null}
desktop fusion head #1: first=2087 core=2087 pointEnd=1548 obsEnd=2467 pointKb=1283 obsKb=644 dataKb=2886 jsKb=2088 gaps max 233 >100:3 >200:1 
desktop fusion cur #1: first=1627 core=1824 pointEnd=1358 obsEnd=2237 pointKb=1283 obsKb=644 dataKb=2886 jsKb=2089 gaps max 167 >100:3 >200:0 
desktop fusion head #2: first=1966 core=2471 pointEnd=1937 obsEnd=2706 pointKb=1283 obsKb=644 dataKb=2886 jsKb=2088 gaps max 167 >100:4 >200:0 
desktop fusion cur #2: first=1774 core=1774 pointEnd=1003 obsEnd=2115 pointKb=1283 obsKb=644 dataKb=2886 jsKb=2089 gaps max 183 >100:5 >200:0 
desktop fusion head #3: first=1550 core=1927 pointEnd=1462 obsEnd=2244 pointKb=1283 obsKb=644 dataKb=2886 jsKb=2088 gaps max 200 >100:3 >200:0 
desktop fusion cur #3: first=1713 core=1713 pointEnd=886 obsEnd=2407 pointKb=1283 obsKb=644 dataKb=2886 jsKb=2089 gaps max 183 >100:3 >200:0 
== desktop fusion cur p50: {"first":1713,"core":1774,"pointEnd":1003,"obsEnd":2237,"pointKb":1283,"obsKb":644,"dataKb":2886,"jsKb":2089,"gapsMax":183,"gapsOver200":0,"gapsOver100":3}
== desktop fusion head p50: {"first":1966,"core":2087,"pointEnd":1548,"obsEnd":2467,"pointKb":1283,"obsKb":644,"dataKb":2886,"jsKb":2088,"gapsMax":200,"gapsOver200":0,"gapsOver100":3}
desktop click head #1: inputDelay=4 firstMutation=54 paint=61 urlChange=202 firstDrawAfterClick=354 gaps max 250 >100:3 >200:1 
desktop click cur #1: inputDelay=4 firstMutation=88 paint=98 urlChange=352 firstDrawAfterClick=492 gaps max 217 >100:2 >200:1 
desktop click head #2: inputDelay=1 firstMutation=538 paint=545 urlChange=640 firstDrawAfterClick=— gaps max 233 >100:1 >200:1 
desktop click cur #2: inputDelay=1 firstMutation=215 paint=218 urlChange=465 firstDrawAfterClick=547 gaps max 233 >100:2 >200:1 
desktop click head #3: inputDelay=1 firstMutation=19 paint=20 urlChange=109 firstDrawAfterClick=165 gaps max 233 >100:1 >200:1 
desktop click cur #3: inputDelay=1 firstMutation=43 paint=55 urlChange=547 firstDrawAfterClick=633 gaps max 233 >100:2 >200:1 
== desktop click cur p50: {"inputDelay":1,"firstMutation":88,"paint":98,"urlChange":465,"firstDrawAfterClick":547,"gapsMax":233,"gapsOver200":1,"gapsOver100":2}
== desktop click head p50: {"inputDelay":1,"firstMutation":54,"paint":61,"urlChange":202,"firstDrawAfterClick":354,"gapsMax":233,"gapsOver200":1,"gapsOver100":1}
desktop layer head #1: inputDelay=6 feedback=116 paint=29 radarDrawAfterClick=2082 radarAllAfterClick=1353 radarKb=4576 gaps max 983 >100:31 >200:15 
desktop layer cur #1: inputDelay=1 feedback=131 paint=34 radarDrawAfterClick=2043 radarAllAfterClick=1506 radarKb=4576 gaps max 1600 >100:29 >200:13 
desktop layer head #2: inputDelay=1 feedback=282 paint=101 radarDrawAfterClick=2676 radarAllAfterClick=1869 radarKb=5882 gaps max 1367 >100:31 >200:16 
desktop layer cur #2: inputDelay=1 feedback=154 paint=33 radarDrawAfterClick=1432 radarAllAfterClick=2837 radarKb=5834 gaps max 1700 >100:28 >200:13 
desktop layer head #3: inputDelay=6 feedback=117 paint=29 radarDrawAfterClick=2122 radarAllAfterClick=1660 radarKb=5834 gaps max 1100 >100:32 >200:15 
desktop layer cur #3: inputDelay=1 feedback=142 paint=42 radarDrawAfterClick=1410 radarAllAfterClick=2539 radarKb=5834 gaps max 1633 >100:31 >200:13 
== desktop layer cur p50: {"inputDelay":1,"feedback":142,"paint":34,"radarDrawAfterClick":1432,"radarAllAfterClick":2539,"radarKb":5834,"gapsMax":1633,"gapsOver200":13,"gapsOver100":29}
== desktop layer head p50: {"inputDelay":6,"feedback":117,"paint":29,"radarDrawAfterClick":2122,"radarAllAfterClick":1660,"radarKb":5834,"gapsMax":1100,"gapsOver200":15,"gapsOver100":31}
mobile4g radar head #1: firstDraw=2130 radarDraw=8249 radarAllMs=9427 radarKb=6728 dataKb=12301 jsKb=1304 gaps max 3050 >100:46 >200:29 play inputDelay=5 feedback=null
mobile4g radar cur #1: firstDraw=1895 radarDraw=7655 radarAllMs=16095 radarKb=1362 dataKb=9996 jsKb=1302 gaps max 2250 >100:29 >200:20 play inputDelay=0 feedback=null
mobile4g radar head #2: firstDraw=2154 radarDraw=13578 radarAllMs=13348 radarKb=3890 dataKb=8921 jsKb=1302 gaps max 2700 >100:49 >200:36 play inputDelay=4 feedback=null
mobile4g radar cur #2: firstDraw=1820 radarDraw=6202 radarAllMs=33993 radarKb=6706 dataKb=8688 jsKb=1302 gaps max 3617 >100:37 >200:27 play inputDelay=33 feedback=null
mobile4g radar head #3: firstDraw=— radarDraw=— radarAllMs=— radarKb=0 dataKb=0 jsKb=0 gaps max 0 >100:0 >200:0 play inputDelay=0 feedback=null
mobile4g radar cur #3: firstDraw=2062 radarDraw=7107 radarAllMs=14850 radarKb=1050 dataKb=3031 jsKb=1302 gaps max 2217 >100:23 >200:17 play inputDelay=0 feedback=null
== mobile4g radar cur p50: {"firstDraw":1895,"radarDraw":7107,"radarAllMs":16095,"radarKb":1362,"dataKb":8688,"jsKb":1302,"gapsMax":2250,"gapsOver200":20,"gapsOver100":29,"playInputDelay":0,"playFeedback":null}
== mobile4g radar head p50: {"firstDraw":2154,"radarDraw":13578,"radarAllMs":13348,"radarKb":3890,"dataKb":8921,"jsKb":1302,"gapsMax":2700,"gapsOver200":29,"gapsOver100":46,"playInputDelay":4,"playFeedback":null}
mobile4g fusion head #1: first=3982 core=4740 pointEnd=4336 obsEnd=5174 pointKb=1283 obsKb=702 dataKb=3028 jsKb=2089 gaps max 317 >100:7 >200:2 
mobile4g fusion cur #1: first=3231 core=4198 pointEnd=3787 obsEnd=4639 pointKb=1283 obsKb=702 dataKb=3028 jsKb=2090 gaps max 500 >100:6 >200:3 
mobile4g fusion head #2: first=4532 core=5297 pointEnd=4812 obsEnd=5832 pointKb=1283 obsKb=702 dataKb=3028 jsKb=2088 gaps max 400 >100:6 >200:3 
mobile4g fusion cur #2: first=3290 core=4135 pointEnd=3700 obsEnd=4761 pointKb=1283 obsKb=702 dataKb=3024 jsKb=2089 gaps max 300 >100:6 >200:4 
mobile4g fusion head #3: first=4400 core=5210 pointEnd=4715 obsEnd=5673 pointKb=1283 obsKb=702 dataKb=3024 jsKb=2089 gaps max 350 >100:7 >200:3 
mobile4g fusion cur #3: first=2963 core=3598 pointEnd=3235 obsEnd=4317 pointKb=1283 obsKb=702 dataKb=3024 jsKb=2090 gaps max 300 >100:7 >200:4 
== mobile4g fusion cur p50: {"first":3231,"core":4135,"pointEnd":3700,"obsEnd":4639,"pointKb":1283,"obsKb":702,"dataKb":3024,"jsKb":2090,"gapsMax":300,"gapsOver200":4,"gapsOver100":6}
== mobile4g fusion head p50: {"first":4400,"core":5210,"pointEnd":4715,"obsEnd":5673,"pointKb":1283,"obsKb":702,"dataKb":3028,"jsKb":2089,"gapsMax":350,"gapsOver200":3,"gapsOver100":7}
mobile4g click head #1: inputDelay=2 firstMutation=2409 paint=2410 urlChange=2827 firstDrawAfterClick=2897 gaps max 1683 >100:5 >200:2 
mobile4g click cur #1: inputDelay=10 firstMutation=336 paint=338 urlChange=471 firstDrawAfterClick=611 gaps max 767 >100:9 >200:3 
mobile4g click head #2: inputDelay=44 firstMutation=2568 paint=2569 urlChange=2922 firstDrawAfterClick=2982 gaps max 400 >100:8 >200:4 
mobile4g click cur #2: inputDelay=3 firstMutation=565 paint=572 urlChange=815 firstDrawAfterClick=863 gaps max 617 >100:7 >200:2 
mobile4g click head #3: inputDelay=28 firstMutation=2465 paint=2466 urlChange=2979 firstDrawAfterClick=3095 gaps max 333 >100:6 >200:2 
mobile4g click cur #3: inputDelay=9 firstMutation=325 paint=333 urlChange=561 firstDrawAfterClick=652 gaps max 583 >100:7 >200:4 
== mobile4g click cur p50: {"inputDelay":9,"firstMutation":336,"paint":338,"urlChange":561,"firstDrawAfterClick":652,"gapsMax":617,"gapsOver200":3,"gapsOver100":7}
== mobile4g click head p50: {"inputDelay":28,"firstMutation":2465,"paint":2466,"urlChange":2922,"firstDrawAfterClick":2982,"gapsMax":400,"gapsOver200":2,"gapsOver100":6}
mobile4g layer head #1: inputDelay=2 feedback=224 paint=232 radarDrawAfterClick=3419 radarAllAfterClick=6612 radarKb=5769 gaps max 1417 >100:40 >200:29 
mobile4g layer cur #1: inputDelay=3 feedback=278 paint=291 radarDrawAfterClick=3834 radarAllAfterClick=12266 radarKb=1475 gaps max 3467 >100:35 >200:25 
mobile4g layer head #2: inputDelay=3 feedback=286 paint=305 radarDrawAfterClick=5053 radarAllAfterClick=3575 radarKb=1282 gaps max 2850 >100:34 >200:26 
mobile4g layer cur #2: inputDelay=2 feedback=249 paint=258 radarDrawAfterClick=2605 radarAllAfterClick=7789 radarKb=3845 gaps max 683 >100:35 >200:25 
mobile4g layer head #3: inputDelay=2 feedback=414 paint=424 radarDrawAfterClick=5163 radarAllAfterClick=6165 radarKb=4531 gaps max 1100 >100:41 >200:27 
mobile4g layer cur #3: inputDelay=12 feedback=265 paint=280 radarDrawAfterClick=3228 radarAllAfterClick=11296 radarKb=240 gaps max 2950 >100:33 >200:26 
== mobile4g layer cur p50: {"inputDelay":3,"feedback":265,"paint":280,"radarDrawAfterClick":3228,"radarAllAfterClick":11296,"radarKb":1475,"gapsMax":2950,"gapsOver200":25,"gapsOver100":35}
== mobile4g layer head p50: {"inputDelay":2,"feedback":286,"paint":305,"radarDrawAfterClick":5053,"radarAllAfterClick":6165,"radarKb":4531,"gapsMax":1417,"gapsOver200":27,"gapsOver100":40}
fertig
